../Core/Src/stm32l0xx_hal_msp.c:66:6:HAL_MspInit	8	static
../Core/Src/stm32l0xx_hal_msp.c:88:6:HAL_DAC_MspInit	48	static
../Core/Src/stm32l0xx_hal_msp.c:121:6:HAL_DAC_MspDeInit	16	static
../Core/Src/stm32l0xx_hal_msp.c:149:6:HAL_TIM_PWM_MspInit	16	static
../Core/Src/stm32l0xx_hal_msp.c:165:6:HAL_TIM_MspPostInit	48	static
../Core/Src/stm32l0xx_hal_msp.c:197:6:HAL_TIM_PWM_MspDeInit	16	static
../Core/Src/stm32l0xx_hal_msp.c:219:6:HAL_UART_MspInit	48	static
../Core/Src/stm32l0xx_hal_msp.c:258:6:HAL_UART_MspDeInit	16	static
