12:35:42 **** Incremental Build of configuration Debug for project NUC.L053_UART_WITH_PWM ****
make -j8 all 
arm-none-eabi-gcc "../Core/Src/main.c" -mcpu=cortex-m0plus -std=gnu11 -g3 -DDEBUG -DUSE_HAL_DRIVER -DSTM32L053xx -c -I../Core/Inc -I../Drivers/STM32L0xx_HAL_Driver/Inc -I../Drivers/STM32L0xx_HAL_Driver/Inc/Legacy -I../Drivers/CMSIS/Device/ST/STM32L0xx/Include -I../Drivers/CMSIS/Include -O0 -ffunction-sections -fdata-sections -Wall -fstack-usage -fcyclomatic-complexity -MMD -MP -MF"Core/Src/main.d" -MT"Core/Src/main.o" --specs=nano.specs -mfloat-abi=soft -mthumb -o "Core/Src/main.o"
../Core/Src/main.c: In function 'HAL_UART_RxCpltCallback':
../Core/Src/main.c:66:3: warning: implicit declaration of function 'memset' [-Wimplicit-function-declaration]
   66 |   memset(Receive_Data, '\0',10);
      |   ^~~~~~
../Core/Src/main.c:21:1: note: include '<string.h>' or provide a declaration of 'memset'
   20 | #include "main.h"
  +++ |+#include <string.h>
   21 | 
../Core/Src/main.c:66:3: warning: incompatible implicit declaration of built-in function 'memset' [-Wbuiltin-declaration-mismatch]
   66 |   memset(Receive_Data, '\0',10);
      |   ^~~~~~
../Core/Src/main.c:66:3: note: include '<string.h>' or provide a declaration of 'memset'
arm-none-eabi-gcc -o "NUC.L053_UART_WITH_PWM.elf" @"objects.list"   -mcpu=cortex-m0plus -T"C:\Users\yakup\OneDrive\Belgeler\STM32CubeIDE\Workpsace_E2DAS\NUC.L053_UART_WITH_DAC\STM32L053R8TX_FLASH.ld" --specs=nosys.specs -Wl,-Map="NUC.L053_UART_WITH_PWM.map" -Wl,--gc-sections -static --specs=nano.specs -mfloat-abi=soft -mthumb -Wl,--start-group -lc -lm -Wl,--end-group
Finished building target: NUC.L053_UART_WITH_PWM.elf
 
arm-none-eabi-size   NUC.L053_UART_WITH_PWM.elf 
arm-none-eabi-objdump -h -S  NUC.L053_UART_WITH_PWM.elf  > "NUC.L053_UART_WITH_PWM.list"
   text	   data	    bss	    dec	    hex	filename
  14428	     20	   1740	  16188	   3f3c	NUC.L053_UART_WITH_PWM.elf
Finished building: default.size.stdout
 
Finished building: NUC.L053_UART_WITH_PWM.list
 
12:35:44 **** Incremental Build of configuration Debug for project NUC.L053_UART_WITH_PWM ****
make -j8 all 
arm-none-eabi-size   NUC.L053_UART_WITH_PWM.elf 
   text	   data	    bss	    dec	    hex	filename
  14428	     20	   1740	  16188	   3f3c	NUC.L053_UART_WITH_PWM.elf
Finished building: default.size.stdout
 
