13:24:41 **** Incremental Build of configuration Debug for project NUC.L053_JOYSTICK_EXAMPLE ****
make -j8 all 
arm-none-eabi-gcc "../Core/Src/stm32l0xx_it.c" -mcpu=cortex-m0plus -std=gnu11 -g3 -DDEBUG -DUSE_HAL_DRIVER -DSTM32L053xx -c -I../Core/Inc -I../Drivers/STM32L0xx_HAL_Driver/Inc -I../Drivers/STM32L0xx_HAL_Driver/Inc/Legacy -I../Drivers/CMSIS/Device/ST/STM32L0xx/Include -I../Drivers/CMSIS/Include -O0 -ffunction-sections -fdata-sections -Wall -fstack-usage -fcyclomatic-complexity -MMD -MP -MF"Core/Src/stm32l0xx_it.d" -MT"Core/Src/stm32l0xx_it.o" --specs=nano.specs -mfloat-abi=soft -mthumb -o "Core/Src/stm32l0xx_it.o"
arm-none-eabi-gcc -o "NUC.L053_JOYSTICK_EXAMPLE.elf" @"objects.list"   -mcpu=cortex-m0plus -T"C:\Users\yakup\OneDrive\Belgeler\STM32CubeIDE\Workpsace_E2DAS\NUC.L053_JOYSTICK_EXAMPLE\STM32L053R8TX_FLASH.ld" --specs=nosys.specs -Wl,-Map="NUC.L053_JOYSTICK_EXAMPLE.map" -Wl,--gc-sections -static --specs=nano.specs -mfloat-abi=soft -mthumb -Wl,--start-group -lc -lm -Wl,--end-group
Finished building target: NUC.L053_JOYSTICK_EXAMPLE.elf
 
arm-none-eabi-size   NUC.L053_JOYSTICK_EXAMPLE.elf 
arm-none-eabi-objdump -h -S  NUC.L053_JOYSTICK_EXAMPLE.elf  > "NUC.L053_JOYSTICK_EXAMPLE.list"
   text	   data	    bss	    dec	    hex	filename
  21912	    100	   2428	  24440	   5f78	NUC.L053_JOYSTICK_EXAMPLE.elf
Finished building: default.size.stdout
 
Finished building: NUC.L053_JOYSTICK_EXAMPLE.list
 
