18:26:02 **** Incremental Build of configuration Debug for project NUC.G070_BOOTLOADER_EXAMPLE ****
make -j8 all 
arm-none-eabi-gcc "../Core/Src/bootloader_command_app.c" -mcpu=cortex-m0plus -std=gnu11 -g3 -DDEBUG -DUSE_HAL_DRIVER -DSTM32G070xx -c -I../Core/Inc -I../Drivers/STM32G0xx_HAL_Driver/Inc -I../Drivers/STM32G0xx_HAL_Driver/Inc/Legacy -I../Drivers/CMSIS/Device/ST/STM32G0xx/Include -I../Drivers/CMSIS/Include -O0 -ffunction-sections -fdata-sections -Wall -fstack-usage -fcyclomatic-complexity -MMD -MP -MF"Core/Src/bootloader_command_app.d" -MT"Core/Src/bootloader_command_app.o" --specs=nano.specs -mfloat-abi=soft -mthumb -o "Core/Src/bootloader_command_app.o"
../Core/Src/bootloader_command_app.c: In function 'bootloader_get_help_cmd':
../Core/Src/bootloader_command_app.c:57:44: warning: pointer targets in passing argument 1 of 'strlen' differ in signedness [-Wpointer-sign]
   57 |                 bootloader_send_ack(strlen(supported_commands));
      |                                            ^~~~~~~~~~~~~~~~~~
      |                                            |
      |                                            uint8_t * {aka unsigned char *}
In file included from ../Core/Inc/bootloader_command_app.h:13,
                 from ../Core/Src/bootloader_command_app.c:8:
C:\ST\STM32CubeIDE_1.13.0\STM32CubeIDE\plugins\com.st.stm32cube.ide.mcu.externaltools.gnu-tools-for-stm32.11.3.rel1.win32_1.1.0.202305231506\tools\bin/../lib/gcc/arm-none-eabi/11.3.1/../../../../arm-none-eabi/include/string.h:41:18: note: expected 'const char *' but argument is of type 'uint8_t *' {aka 'unsigned char *'}
   41 | size_t   strlen (const char *);
      |                  ^~~~~~~~~~~~
../Core/Src/bootloader_command_app.c:58:71: warning: pointer targets in passing argument 1 of 'strlen' differ in signedness [-Wpointer-sign]
   58 |                 bootloader_uart_write_data(supported_commands, strlen(supported_commands));
      |                                                                       ^~~~~~~~~~~~~~~~~~
      |                                                                       |
      |                                                                       uint8_t * {aka unsigned char *}
In file included from ../Core/Inc/bootloader_command_app.h:13,
                 from ../Core/Src/bootloader_command_app.c:8:
C:\ST\STM32CubeIDE_1.13.0\STM32CubeIDE\plugins\com.st.stm32cube.ide.mcu.externaltools.gnu-tools-for-stm32.11.3.rel1.win32_1.1.0.202305231506\tools\bin/../lib/gcc/arm-none-eabi/11.3.1/../../../../arm-none-eabi/include/string.h:41:18: note: expected 'const char *' but argument is of type 'uint8_t *' {aka 'unsigned char *'}
   41 | size_t   strlen (const char *);
      |                  ^~~~~~~~~~~~
../Core/Src/bootloader_command_app.c:59:44: warning: pointer targets in passing argument 1 of 'strlen' differ in signedness [-Wpointer-sign]
   59 |                 for (int i = 0; i < strlen(supported_commands); i++) {
      |                                            ^~~~~~~~~~~~~~~~~~
      |                                            |
      |                                            uint8_t * {aka unsigned char *}
In file included from ../Core/Inc/bootloader_command_app.h:13,
                 from ../Core/Src/bootloader_command_app.c:8:
C:\ST\STM32CubeIDE_1.13.0\STM32CubeIDE\plugins\com.st.stm32cube.ide.mcu.externaltools.gnu-tools-for-stm32.11.3.rel1.win32_1.1.0.202305231506\tools\bin/../lib/gcc/arm-none-eabi/11.3.1/../../../../arm-none-eabi/include/string.h:41:18: note: expected 'const char *' but argument is of type 'uint8_t *' {aka 'unsigned char *'}
   41 | size_t   strlen (const char *);
      |                  ^~~~~~~~~~~~
../Core/Src/bootloader_command_app.c: In function 'bootloader_mem_write_cmd':
../Core/Src/bootloader_command_app.c:176:17: warning: variable 'checkSum' set but not used [-Wunused-but-set-variable]
  176 |         uint8_t checkSum = 0;
      |                 ^~~~~~~~
../Core/Src/bootloader_command_app.c:174:17: warning: unused variable 'addrValid' [-Wunused-variable]
  174 |         uint8_t addrValid = ADDR_VALID;
      |                 ^~~~~~~~~
arm-none-eabi-gcc -o "NUC.G070_BOOTLOADER_EXAMPLE.elf" @"objects.list"   -mcpu=cortex-m0plus -T"C:\Users\yakup\OneDrive\Belgeler\STM32CubeIDE\Workpsace_E2DAS\NUC.G070_BOOTLOADER_EXAMPLE\STM32G070RBTX_FLASH.ld" --specs=nosys.specs -Wl,-Map="NUC.G070_BOOTLOADER_EXAMPLE.map" -Wl,--gc-sections -static --specs=nano.specs -mfloat-abi=soft -mthumb -Wl,--start-group -lc -lm -Wl,--end-group
Finished building target: NUC.G070_BOOTLOADER_EXAMPLE.elf
 
arm-none-eabi-size   NUC.G070_BOOTLOADER_EXAMPLE.elf 
arm-none-eabi-objdump -h -S  NUC.G070_BOOTLOADER_EXAMPLE.elf  > "NUC.G070_BOOTLOADER_EXAMPLE.list"
   text	   data	    bss	    dec	    hex	filename
  28392	      8	   3496	  31896	   7c98	NUC.G070_BOOTLOADER_EXAMPLE.elf
Finished building: default.size.stdout
 
Finished building: NUC.G070_BOOTLOADER_EXAMPLE.list
 
