Finished building target: NUC.L053_UART_WITH_PWM.elf
 
arm-none-eabi-size   NUC.L053_UART_WITH_PWM.elf 
arm-none-eabi-objdump -h -S  NUC.L053_UART_WITH_PWM.elf  > "NUC.L053_UART_WITH_PWM.list"
   text	   data	    bss	    dec	    hex	filename
  16340	     20	   1804	  18164	   46f4	NUC.L053_UART_WITH_PWM.elf
Finished building: default.size.stdout
 
Finished building: NUC.L053_UART_WITH_PWM.list
 

13:56:48 Build Finished. 0 errors, 2 warnings. (took 714ms)

13:56:49 **** Incremental Build of configuration Debug for project NUC.L053_UART_WITH_PWM ****
make -j8 all 
arm-none-eabi-size   NUC.L053_UART_WITH_PWM.elf 
   text	   data	    bss	    dec	    hex	filename
  16340	     20	   1804	  18164	   46f4	NUC.L053_UART_WITH_PWM.elf
Finished building: default.size.stdout
 
13:56:49 **** Incremental Build of configuration Debug for project NUC.L053_UART_WITH_PWM ****
make -j8 all 
arm-none-eabi-size   NUC.L053_UART_WITH_PWM.elf 
   text	   data	    bss	    dec	    hex	filename
  16340	     20	   1804	  18164	   46f4	NUC.L053_UART_WITH_PWM.elf
Finished building: default.size.stdout
 
