11:47:17 **** Incremental Build of configuration Debug for project NUC.G070_LORA_E220_900T22S ****
make -j8 all 
arm-none-eabi-gcc "../Core/Src/main.c" -mcpu=cortex-m0plus -std=gnu11 -g3 -DDEBUG -DUSE_HAL_DRIVER -DSTM32G070xx -c -I../Core/Inc -I../Drivers/STM32G0xx_HAL_Driver/Inc -I../Drivers/STM32G0xx_HAL_Driver/Inc/Legacy -I../Drivers/CMSIS/Device/ST/STM32G0xx/Include -I../Drivers/CMSIS/Include -O0 -ffunction-sections -fdata-sections -Wall -fstack-usage -fcyclomatic-complexity -MMD -MP -MF"Core/Src/main.d" -MT"Core/Src/main.o" --specs=nano.specs -mfloat-abi=soft -mthumb -o "Core/Src/main.o"
arm-none-eabi-gcc -o "NUC.G070_LORA_E220_900T22S.elf" @"objects.list"   -mcpu=cortex-m0plus -T"C:\Users\yakup\OneDrive\Belgeler\STM32CubeIDE\Workpsace_E2DAS\NUC.G070_LORA_E220_900T22S\STM32G070RBTX_FLASH.ld" --specs=nosys.specs -Wl,-Map="NUC.G070_LORA_E220_900T22S.map" -Wl,--gc-sections -static --specs=nano.specs -mfloat-abi=soft -mthumb -Wl,--start-group -lc -lm -Wl,--end-group
Finished building target: NUC.G070_LORA_E220_900T22S.elf
 
arm-none-eabi-size   NUC.G070_LORA_E220_900T22S.elf 
arm-none-eabi-objdump -h -S  NUC.G070_LORA_E220_900T22S.elf  > "NUC.G070_LORA_E220_900T22S.list"
   text	   data	    bss	    dec	    hex	filename
  12472	    100	   2356	  14928	   3a50	NUC.G070_LORA_E220_900T22S.elf
Finished building: default.size.stdout
 
Finished building: NUC.G070_LORA_E220_900T22S.list
 
11:47:48 **** Incremental Build of configuration Debug for project NUC.G070_LORA_E220_900T22S ****
make -j8 all 
arm-none-eabi-size   NUC.G070_LORA_E220_900T22S.elf 
   text	   data	    bss	    dec	    hex	filename
  12472	    100	   2356	  14928	   3a50	NUC.G070_LORA_E220_900T22S.elf
Finished building: default.size.stdout
 
