18:32:20 **** Incremental Build of configuration Debug for project NUC.G070_BOOTLOADER_EXAMPLE ****
make -j8 all 
arm-none-eabi-gcc "../Drivers/STM32G0xx_HAL_Driver/Src/stm32g0xx_hal_flash.c" -mcpu=cortex-m0plus -std=gnu11 -g3 -DDEBUG -DUSE_HAL_DRIVER -DSTM32G070xx -c -I../Core/Inc -I../Drivers/STM32G0xx_HAL_Driver/Inc -I../Drivers/STM32G0xx_HAL_Driver/Inc/Legacy -I../Drivers/CMSIS/Device/ST/STM32G0xx/Include -I../Drivers/CMSIS/Include -O0 -ffunction-sections -fdata-sections -Wall -fstack-usage -fcyclomatic-complexity -MMD -MP -MF"Drivers/STM32G0xx_HAL_Driver/Src/stm32g0xx_hal_flash.d" -MT"Drivers/STM32G0xx_HAL_Driver/Src/stm32g0xx_hal_flash.o" --specs=nano.specs -mfloat-abi=soft -mthumb -o "Drivers/STM32G0xx_HAL_Driver/Src/stm32g0xx_hal_flash.o"
arm-none-eabi-gcc -o "NUC.G070_BOOTLOADER_EXAMPLE.elf" @"objects.list"   -mcpu=cortex-m0plus -T"C:\Users\yakup\OneDrive\Belgeler\STM32CubeIDE\Workpsace_E2DAS\NUC.G070_BOOTLOADER_EXAMPLE\STM32G070RBTX_FLASH.ld" --specs=nosys.specs -Wl,-Map="NUC.G070_BOOTLOADER_EXAMPLE.map" -Wl,--gc-sections -static --specs=nano.specs -mfloat-abi=soft -mthumb -Wl,--start-group -lc -lm -Wl,--end-group
Finished building target: NUC.G070_BOOTLOADER_EXAMPLE.elf
 
arm-none-eabi-size   NUC.G070_BOOTLOADER_EXAMPLE.elf 
arm-none-eabi-objdump -h -S  NUC.G070_BOOTLOADER_EXAMPLE.elf  > "NUC.G070_BOOTLOADER_EXAMPLE.list"
   text	   data	    bss	    dec	    hex	filename
  27796	      8	   3496	  31300	   7a44	NUC.G070_BOOTLOADER_EXAMPLE.elf
Finished building: default.size.stdout
 
Finished building: NUC.G070_BOOTLOADER_EXAMPLE.list
 
