19:04:57 **** Incremental Build of configuration Debug for project NUC.L053_BOOTLOADER_EXAMPLE_2 ****
make -j8 all 
arm-none-eabi-gcc "../Core/Src/main.c" -mcpu=cortex-m0plus -std=gnu11 -g3 -DDEBUG -DUSE_HAL_DRIVER -DSTM32L053xx -c -I../Core/Inc -I../Drivers/STM32L0xx_HAL_Driver/Inc -I../Drivers/STM32L0xx_HAL_Driver/Inc/Legacy -I../Drivers/CMSIS/Device/ST/STM32L0xx/Include -I../Drivers/CMSIS/Include -O0 -ffunction-sections -fdata-sections -Wall -fstack-usage -fcyclomatic-complexity -MMD -MP -MF"Core/Src/main.d" -MT"Core/Src/main.o" --specs=nano.specs -mfloat-abi=soft -mthumb -o "Core/Src/main.o"
arm-none-eabi-gcc -o "NUC.L053_BOOTLOADER_EXAMPLE_2.elf" @"objects.list"   -mcpu=cortex-m0plus -T"C:\Users\yakup\OneDrive\Belgeler\STM32CubeIDE\Workpsace_E2DAS\NUC.L053_BOOTLOADER_EXAMPLE_2\STM32L053R8TX_FLASH.ld" --specs=nosys.specs -Wl,-Map="NUC.L053_BOOTLOADER_EXAMPLE_2.map" -Wl,--gc-sections -static --specs=nano.specs -mfloat-abi=soft -mthumb -Wl,--start-group -lc -lm -Wl,--end-group
Finished building target: NUC.L053_BOOTLOADER_EXAMPLE_2.elf
 
arm-none-eabi-size   NUC.L053_BOOTLOADER_EXAMPLE_2.elf 
arm-none-eabi-objdump -h -S  NUC.L053_BOOTLOADER_EXAMPLE_2.elf  > "NUC.L053_BOOTLOADER_EXAMPLE_2.list"
   text	   data	    bss	    dec	    hex	filename
  23636	    120	   3424	  27180	   6a2c	NUC.L053_BOOTLOADER_EXAMPLE_2.elf
Finished building: default.size.stdout
 
Finished building: NUC.L053_BOOTLOADER_EXAMPLE_2.list
 
